// Jest Snapshot v1, https://goo.gl/fbAQLP

exports[`Temperature component should render the temperature component after load 1`] = `
ShallowWrapper {
  "length": 1,
  Symbol(enzyme.__root__): [Circular],
  Symbol(enzyme.__unrendered__): <Temperature />,
  Symbol(enzyme.__renderer__): Object {
    "batchedUpdates": [Function],
    "getNode": [Function],
    "render": [Function],
    "simulateEvent": [Function],
    "unmount": [Function],
  },
  Symbol(enzyme.__node__): Object {
    "instance": null,
    "key": undefined,
    "nodeType": "host",
    "props": Object {
      "children": "--째C",
      "className": "Temperature",
      "onClick": [Function],
    },
    "ref": null,
    "rendered": "--째C",
    "type": "h1",
  },
  Symbol(enzyme.__nodes__): Array [
    Object {
      "instance": null,
      "key": undefined,
      "nodeType": "host",
      "props": Object {
        "children": "--째C",
        "className": "Temperature",
        "onClick": [Function],
      },
      "ref": null,
      "rendered": "--째C",
      "type": "h1",
    },
  ],
  Symbol(enzyme.__options__): Object {
    "adapter": ReactSixteenAdapter {
      "options": Object {
        "enableComponentDidUpdateOnSetState": true,
      },
    },
  },
}
`;
