// Jest Snapshot v1, https://goo.gl/fbAQLP

exports[`Wind speed component should render the wind speed component after load 1`] = `
ShallowWrapper {
  "length": 1,
  Symbol(enzyme.__root__): [Circular],
  Symbol(enzyme.__unrendered__): <WindSpeed />,
  Symbol(enzyme.__renderer__): Object {
    "batchedUpdates": [Function],
    "getNode": [Function],
    "render": [Function],
    "simulateEvent": [Function],
    "unmount": [Function],
  },
  Symbol(enzyme.__node__): Object {
    "instance": null,
    "key": undefined,
    "nodeType": "host",
    "props": Object {
      "children": "--kts",
      "className": "Wind-Speed",
      "onClick": [Function],
    },
    "ref": null,
    "rendered": "--kts",
    "type": "h3",
  },
  Symbol(enzyme.__nodes__): Array [
    Object {
      "instance": null,
      "key": undefined,
      "nodeType": "host",
      "props": Object {
        "children": "--kts",
        "className": "Wind-Speed",
        "onClick": [Function],
      },
      "ref": null,
      "rendered": "--kts",
      "type": "h3",
    },
  ],
  Symbol(enzyme.__options__): Object {
    "adapter": ReactSixteenAdapter {
      "options": Object {
        "enableComponentDidUpdateOnSetState": true,
      },
    },
  },
}
`;
