// Jest Snapshot v1, https://goo.gl/fbAQLP

exports[`Search component should render the search component after load 1`] = `
ShallowWrapper {
  "length": 1,
  Symbol(enzyme.__root__): [Circular],
  Symbol(enzyme.__unrendered__): <Switch />,
  Symbol(enzyme.__renderer__): Object {
    "batchedUpdates": [Function],
    "getNode": [Function],
    "render": [Function],
    "simulateEvent": [Function],
    "unmount": [Function],
  },
  Symbol(enzyme.__node__): Object {
    "instance": null,
    "key": undefined,
    "nodeType": "host",
    "props": Object {
      "children": Array [
        <input
          checked={undefined}
          onChange={undefined}
          type="checkbox"
/>,
        <span
          className="Slider"
/>,
      ],
      "className": "Switch",
    },
    "ref": null,
    "rendered": Array [
      Object {
        "instance": null,
        "key": undefined,
        "nodeType": "host",
        "props": Object {
          "checked": undefined,
          "onChange": undefined,
          "type": "checkbox",
        },
        "ref": null,
        "rendered": null,
        "type": "input",
      },
      Object {
        "instance": null,
        "key": undefined,
        "nodeType": "host",
        "props": Object {
          "className": "Slider",
        },
        "ref": null,
        "rendered": null,
        "type": "span",
      },
    ],
    "type": "label",
  },
  Symbol(enzyme.__nodes__): Array [
    Object {
      "instance": null,
      "key": undefined,
      "nodeType": "host",
      "props": Object {
        "children": Array [
          <input
            checked={undefined}
            onChange={undefined}
            type="checkbox"
/>,
          <span
            className="Slider"
/>,
        ],
        "className": "Switch",
      },
      "ref": null,
      "rendered": Array [
        Object {
          "instance": null,
          "key": undefined,
          "nodeType": "host",
          "props": Object {
            "checked": undefined,
            "onChange": undefined,
            "type": "checkbox",
          },
          "ref": null,
          "rendered": null,
          "type": "input",
        },
        Object {
          "instance": null,
          "key": undefined,
          "nodeType": "host",
          "props": Object {
            "className": "Slider",
          },
          "ref": null,
          "rendered": null,
          "type": "span",
        },
      ],
      "type": "label",
    },
  ],
  Symbol(enzyme.__options__): Object {
    "adapter": ReactSixteenAdapter {
      "options": Object {
        "enableComponentDidUpdateOnSetState": true,
      },
    },
  },
}
`;
