// Jest Snapshot v1, https://goo.gl/fbAQLP

exports[`Search component should render the search component after load 1`] = `undefined`;
